Archive member included because of file (symbol)

c:/winavr-20100110/bin/../lib/gcc/avr/4.3.3/avr5\libgcc.a(_mulsi3.o)
                              ./MCAL/Timer/Timer.o (__mulsi3)
c:/winavr-20100110/bin/../lib/gcc/avr/4.3.3/avr5\libgcc.a(_udivmodhi4.o)
                              ./HAL/Lcd/Lcd.o (__udivmodhi4)
c:/winavr-20100110/bin/../lib/gcc/avr/4.3.3/avr5\libgcc.a(_divmodhi4.o)
                              ./HAL/Servo_Motor/Servo.o (__divmodhi4)
c:/winavr-20100110/bin/../lib/gcc/avr/4.3.3/avr5\libgcc.a(_udivmodsi4.o)
                              ./MCAL/Timer/Timer.o (__udivmodsi4)
c:/winavr-20100110/bin/../lib/gcc/avr/4.3.3/avr5\libgcc.a(_exit.o)
                              c:/winavr-20100110/bin/../lib/gcc/avr/4.3.3/../../../../avr/lib/avr5/crtm32.o (exit)
c:/winavr-20100110/bin/../lib/gcc/avr/4.3.3/avr5\libgcc.a(_copy_data.o)
                              ./MCAL/UART/UART.o (__do_copy_data)
c:/winavr-20100110/bin/../lib/gcc/avr/4.3.3/avr5\libgcc.a(_clear_bss.o)
                              ./MCAL/UART/UART.o (__do_clear_bss)
c:/winavr-20100110/bin/../lib/gcc/avr/4.3.3/avr5\libgcc.a(_fixunssfsi.o)
                              ./MCAL/Timer/Timer.o (__fixunssfsi)
c:/winavr-20100110/bin/../lib/gcc/avr/4.3.3/avr5\libgcc.a(_addsub_sf.o)
                              c:/winavr-20100110/bin/../lib/gcc/avr/4.3.3/avr5\libgcc.a(_fixunssfsi.o) (__subsf3)
c:/winavr-20100110/bin/../lib/gcc/avr/4.3.3/avr5\libgcc.a(_mul_sf.o)
                              ./MCAL/Timer/Timer.o (__mulsf3)
c:/winavr-20100110/bin/../lib/gcc/avr/4.3.3/avr5\libgcc.a(_div_sf.o)
                              ./MCAL/Timer/Timer.o (__divsf3)
c:/winavr-20100110/bin/../lib/gcc/avr/4.3.3/avr5\libgcc.a(_gt_sf.o)
                              ./HAL/Lcd/Lcd.o (__gtsf2)
c:/winavr-20100110/bin/../lib/gcc/avr/4.3.3/avr5\libgcc.a(_ge_sf.o)
                              c:/winavr-20100110/bin/../lib/gcc/avr/4.3.3/avr5\libgcc.a(_fixunssfsi.o) (__gesf2)
c:/winavr-20100110/bin/../lib/gcc/avr/4.3.3/avr5\libgcc.a(_lt_sf.o)
                              ./HAL/Lcd/Lcd.o (__ltsf2)
c:/winavr-20100110/bin/../lib/gcc/avr/4.3.3/avr5\libgcc.a(_sf_to_si.o)
                              c:/winavr-20100110/bin/../lib/gcc/avr/4.3.3/avr5\libgcc.a(_fixunssfsi.o) (__fixsfsi)
c:/winavr-20100110/bin/../lib/gcc/avr/4.3.3/avr5\libgcc.a(_thenan_sf.o)
                              c:/winavr-20100110/bin/../lib/gcc/avr/4.3.3/avr5\libgcc.a(_addsub_sf.o) (__thenan_sf)
c:/winavr-20100110/bin/../lib/gcc/avr/4.3.3/avr5\libgcc.a(_usi_to_sf.o)
                              ./HAL/DC_MOTOR/DC_Motor.o (__floatunsisf)
c:/winavr-20100110/bin/../lib/gcc/avr/4.3.3/avr5\libgcc.a(_prologue.o)
                              c:/winavr-20100110/bin/../lib/gcc/avr/4.3.3/avr5\libgcc.a(_addsub_sf.o) (__prologue_saves__)
c:/winavr-20100110/bin/../lib/gcc/avr/4.3.3/avr5\libgcc.a(_epilogue.o)
                              c:/winavr-20100110/bin/../lib/gcc/avr/4.3.3/avr5\libgcc.a(_addsub_sf.o) (__epilogue_restores__)
c:/winavr-20100110/bin/../lib/gcc/avr/4.3.3/avr5\libgcc.a(_clzsi2.o)
                              c:/winavr-20100110/bin/../lib/gcc/avr/4.3.3/avr5\libgcc.a(_usi_to_sf.o) (__clzsi2)
c:/winavr-20100110/bin/../lib/gcc/avr/4.3.3/avr5\libgcc.a(_pack_sf.o)
                              c:/winavr-20100110/bin/../lib/gcc/avr/4.3.3/avr5\libgcc.a(_addsub_sf.o) (__pack_f)
c:/winavr-20100110/bin/../lib/gcc/avr/4.3.3/avr5\libgcc.a(_unpack_sf.o)
                              c:/winavr-20100110/bin/../lib/gcc/avr/4.3.3/avr5\libgcc.a(_addsub_sf.o) (__unpack_f)
c:/winavr-20100110/bin/../lib/gcc/avr/4.3.3/avr5\libgcc.a(_fpcmp_parts_sf.o)
                              c:/winavr-20100110/bin/../lib/gcc/avr/4.3.3/avr5\libgcc.a(_gt_sf.o) (__fpcmp_parts_f)
c:/winavr-20100110/bin/../lib/gcc/avr/4.3.3/avr5\libgcc.a(_clz.o)
                              c:/winavr-20100110/bin/../lib/gcc/avr/4.3.3/avr5\libgcc.a(_clzsi2.o) (__clz_tab)

Allocating common symbols
Common symbol       size              file

Global_Timer0_Cfg   0x5               ./MCAL/Timer/Timer.o
OVF_Num_Delay       0x2               ./MCAL/Timer/Timer.o
Timer1Cfg           0x8               ./HAL/Servo_Motor/Servo.o
Global_Timer1_Cfg   0x8               ./MCAL/Timer/Timer.o

Memory Configuration

Name             Origin             Length             Attributes
text             0x00000000         0x00020000         xr
data             0x00800060         0x0000ffa0         rw !x
eeprom           0x00810000         0x00010000         rw !x
fuse             0x00820000         0x00000400         rw !x
lock             0x00830000         0x00000400         rw !x
signature        0x00840000         0x00000400         rw !x
*default*        0x00000000         0xffffffff

Linker script and memory map

LOAD c:/winavr-20100110/bin/../lib/gcc/avr/4.3.3/../../../../avr/lib/avr5/crtm32.o
LOAD ./MCAL/WDT/WDT.o
LOAD ./MCAL/UART/UART.o
LOAD ./MCAL/Timer/Timer.o
LOAD ./MCAL/SPI/SPI.o
LOAD ./MCAL/I2C/I2C.o
LOAD ./MCAL/EXT_INTERRUPTS/EXT_INTERRUPTS.o
LOAD ./MCAL/Dio/Dio_prog.o
LOAD ./HAL/Servo_Motor/Servo.o
LOAD ./HAL/Lcd/Lcd.o
LOAD ./HAL/KPD/KPD_program.o
LOAD ./HAL/DC_MOTOR/DC_Motor.o
LOAD ./APP/main.o
LOAD c:/winavr-20100110/bin/../lib/gcc/avr/4.3.3/avr5\libgcc.a
LOAD c:/winavr-20100110/bin/../lib/gcc/avr/4.3.3/../../../../avr/lib/avr5\libc.a
LOAD c:/winavr-20100110/bin/../lib/gcc/avr/4.3.3/avr5\libgcc.a

.hash
 *(.hash)

.dynsym
 *(.dynsym)

.dynstr
 *(.dynstr)

.gnu.version
 *(.gnu.version)

.gnu.version_d
 *(.gnu.version_d)

.gnu.version_r
 *(.gnu.version_r)

.rel.init
 *(.rel.init)

.rela.init
 *(.rela.init)

.rel.text
 *(.rel.text)
 *(.rel.text.*)
 *(.rel.gnu.linkonce.t*)

.rela.text
 *(.rela.text)
 *(.rela.text.*)
 *(.rela.gnu.linkonce.t*)

.rel.fini
 *(.rel.fini)

.rela.fini
 *(.rela.fini)

.rel.rodata
 *(.rel.rodata)
 *(.rel.rodata.*)
 *(.rel.gnu.linkonce.r*)

.rela.rodata
 *(.rela.rodata)
 *(.rela.rodata.*)
 *(.rela.gnu.linkonce.r*)

.rel.data
 *(.rel.data)
 *(.rel.data.*)
 *(.rel.gnu.linkonce.d*)

.rela.data
 *(.rela.data)
 *(.rela.data.*)
 *(.rela.gnu.linkonce.d*)

.rel.ctors
 *(.rel.ctors)

.rela.ctors
 *(.rela.ctors)

.rel.dtors
 *(.rel.dtors)

.rela.dtors
 *(.rela.dtors)

.rel.got
 *(.rel.got)

.rela.got
 *(.rela.got)

.rel.bss
 *(.rel.bss)

.rela.bss
 *(.rela.bss)

.rel.plt
 *(.rel.plt)

.rela.plt
 *(.rela.plt)

.text           0x00000000     0x46f4
 *(.vectors)
 .vectors       0x00000000       0x54 c:/winavr-20100110/bin/../lib/gcc/avr/4.3.3/../../../../avr/lib/avr5/crtm32.o
                0x00000000                __vectors
                0x00000000                __vector_default
 *(.vectors)
 *(.progmem.gcc*)
 *(.progmem*)
                0x00000054                . = ALIGN (0x2)
                0x00000054                __trampolines_start = .
 *(.trampolines)
 .trampolines   0x00000054        0x0 linker stubs
 *(.trampolines*)
                0x00000054                __trampolines_end = .
 *(.jumptables)
 *(.jumptables*)
 *(.lowtext)
 *(.lowtext*)
                0x00000054                __ctors_start = .
 *(.ctors)
                0x00000054                __ctors_end = .
                0x00000054                __dtors_start = .
 *(.dtors)
                0x00000054                __dtors_end = .
 SORT(*)(.ctors)
 SORT(*)(.dtors)
 *(.init0)
 .init0         0x00000054        0x0 c:/winavr-20100110/bin/../lib/gcc/avr/4.3.3/../../../../avr/lib/avr5/crtm32.o
                0x00000054                __init
 *(.init0)
 *(.init1)
 *(.init1)
 *(.init2)
 .init2         0x00000054        0xc c:/winavr-20100110/bin/../lib/gcc/avr/4.3.3/../../../../avr/lib/avr5/crtm32.o
 *(.init2)
 *(.init3)
 *(.init3)
 *(.init4)
 .init4         0x00000060       0x16 c:/winavr-20100110/bin/../lib/gcc/avr/4.3.3/avr5\libgcc.a(_copy_data.o)
                0x00000060                __do_copy_data
 .init4         0x00000076       0x10 c:/winavr-20100110/bin/../lib/gcc/avr/4.3.3/avr5\libgcc.a(_clear_bss.o)
                0x00000076                __do_clear_bss
 *(.init4)
 *(.init5)
 *(.init5)
 *(.init6)
 *(.init6)
 *(.init7)
 *(.init7)
 *(.init8)
 *(.init8)
 *(.init9)
 .init9         0x00000086        0x8 c:/winavr-20100110/bin/../lib/gcc/avr/4.3.3/../../../../avr/lib/avr5/crtm32.o
 *(.init9)
 *(.text)
 .text          0x0000008e        0x4 c:/winavr-20100110/bin/../lib/gcc/avr/4.3.3/../../../../avr/lib/avr5/crtm32.o
                0x0000008e                __vector_12
                0x0000008e                __bad_interrupt
                0x0000008e                __vector_6
                0x0000008e                __vector_17
                0x0000008e                __vector_19
                0x0000008e                __vector_7
                0x0000008e                __vector_5
                0x0000008e                __vector_4
                0x0000008e                __vector_9
                0x0000008e                __vector_8
                0x0000008e                __vector_14
                0x0000008e                __vector_16
                0x0000008e                __vector_18
                0x0000008e                __vector_20
 .text          0x00000092        0x0 ./MCAL/WDT/WDT.o
 .text          0x00000092        0x0 ./MCAL/UART/UART.o
 .text          0x00000092        0x0 ./MCAL/Timer/Timer.o
 .text          0x00000092        0x0 ./MCAL/SPI/SPI.o
 .text          0x00000092        0x0 ./MCAL/I2C/I2C.o
 .text          0x00000092        0x0 ./MCAL/EXT_INTERRUPTS/EXT_INTERRUPTS.o
 .text          0x00000092        0x0 ./MCAL/Dio/Dio_prog.o
 .text          0x00000092        0x0 ./HAL/Servo_Motor/Servo.o
 .text          0x00000092        0x0 ./HAL/Lcd/Lcd.o
 .text          0x00000092        0x0 ./HAL/KPD/KPD_program.o
 .text          0x00000092        0x0 ./HAL/DC_MOTOR/DC_Motor.o
 .text          0x00000092        0x0 ./APP/main.o
 .text          0x00000092        0x0 c:/winavr-20100110/bin/../lib/gcc/avr/4.3.3/avr5\libgcc.a(_mulsi3.o)
 .text          0x00000092        0x0 c:/winavr-20100110/bin/../lib/gcc/avr/4.3.3/avr5\libgcc.a(_udivmodhi4.o)
 .text          0x00000092        0x0 c:/winavr-20100110/bin/../lib/gcc/avr/4.3.3/avr5\libgcc.a(_divmodhi4.o)
 .text          0x00000092        0x0 c:/winavr-20100110/bin/../lib/gcc/avr/4.3.3/avr5\libgcc.a(_udivmodsi4.o)
 .text          0x00000092        0x0 c:/winavr-20100110/bin/../lib/gcc/avr/4.3.3/avr5\libgcc.a(_exit.o)
 .text          0x00000092        0x0 c:/winavr-20100110/bin/../lib/gcc/avr/4.3.3/avr5\libgcc.a(_copy_data.o)
 .text          0x00000092        0x0 c:/winavr-20100110/bin/../lib/gcc/avr/4.3.3/avr5\libgcc.a(_clear_bss.o)
 .text          0x00000092       0x58 c:/winavr-20100110/bin/../lib/gcc/avr/4.3.3/avr5\libgcc.a(_fixunssfsi.o)
                0x00000092                __fixunssfsi
 .text          0x000000ea      0x354 c:/winavr-20100110/bin/../lib/gcc/avr/4.3.3/avr5\libgcc.a(_addsub_sf.o)
                0x00000382                __subsf3
                0x000003e4                __addsf3
 .text          0x0000043e      0x1f4 c:/winavr-20100110/bin/../lib/gcc/avr/4.3.3/avr5\libgcc.a(_mul_sf.o)
                0x0000043e                __mulsf3
 .text          0x00000632      0x158 c:/winavr-20100110/bin/../lib/gcc/avr/4.3.3/avr5\libgcc.a(_div_sf.o)
                0x00000632                __divsf3
 .text          0x0000078a       0x60 c:/winavr-20100110/bin/../lib/gcc/avr/4.3.3/avr5\libgcc.a(_gt_sf.o)
                0x0000078a                __gtsf2
 .text          0x000007ea       0x60 c:/winavr-20100110/bin/../lib/gcc/avr/4.3.3/avr5\libgcc.a(_ge_sf.o)
                0x000007ea                __gesf2
 .text          0x0000084a       0x60 c:/winavr-20100110/bin/../lib/gcc/avr/4.3.3/avr5\libgcc.a(_lt_sf.o)
                0x0000084a                __ltsf2
 .text          0x000008aa       0xa8 c:/winavr-20100110/bin/../lib/gcc/avr/4.3.3/avr5\libgcc.a(_sf_to_si.o)
                0x000008aa                __fixsfsi
 .text          0x00000952        0x0 c:/winavr-20100110/bin/../lib/gcc/avr/4.3.3/avr5\libgcc.a(_thenan_sf.o)
 .text          0x00000952       0xf2 c:/winavr-20100110/bin/../lib/gcc/avr/4.3.3/avr5\libgcc.a(_usi_to_sf.o)
                0x00000952                __floatunsisf
 .text          0x00000a44        0x0 c:/winavr-20100110/bin/../lib/gcc/avr/4.3.3/avr5\libgcc.a(_prologue.o)
 .text          0x00000a44        0x0 c:/winavr-20100110/bin/../lib/gcc/avr/4.3.3/avr5\libgcc.a(_epilogue.o)
 .text          0x00000a44       0x9e c:/winavr-20100110/bin/../lib/gcc/avr/4.3.3/avr5\libgcc.a(_clzsi2.o)
                0x00000a44                __clzsi2
 .text          0x00000ae2      0x1aa c:/winavr-20100110/bin/../lib/gcc/avr/4.3.3/avr5\libgcc.a(_pack_sf.o)
                0x00000ae2                __pack_f
 .text          0x00000c8c       0xf0 c:/winavr-20100110/bin/../lib/gcc/avr/4.3.3/avr5\libgcc.a(_unpack_sf.o)
                0x00000c8c                __unpack_f
 .text          0x00000d7c       0xb2 c:/winavr-20100110/bin/../lib/gcc/avr/4.3.3/avr5\libgcc.a(_fpcmp_parts_sf.o)
                0x00000d7c                __fpcmp_parts_f
 .text          0x00000e2e        0x0 c:/winavr-20100110/bin/../lib/gcc/avr/4.3.3/avr5\libgcc.a(_clz.o)
                0x00000e2e                . = ALIGN (0x2)
 *(.text.*)
 .text.WDT_START
                0x00000e2e       0x28 ./MCAL/WDT/WDT.o
                0x00000e2e                WDT_START
 .text.WDT_Stop
                0x00000e56       0x24 ./MCAL/WDT/WDT.o
                0x00000e56                WDT_Stop
 .text.UART_Init
                0x00000e7a       0xaa ./MCAL/UART/UART.o
                0x00000e7a                UART_Init
 .text.UART_SendByteNoBlock
                0x00000f24       0x1c ./MCAL/UART/UART.o
                0x00000f24                UART_SendByteNoBlock
 .text.UART_ReceiveByteNoBlock
                0x00000f40       0x14 ./MCAL/UART/UART.o
                0x00000f40                UART_ReceiveByteNoBlock
 .text.UART_Send_Char
                0x00000f54       0x34 ./MCAL/UART/UART.o
                0x00000f54                UART_Send_Char
 .text.UART_Receive_Char
                0x00000f88       0x1e ./MCAL/UART/UART.o
                0x00000f88                UART_Receive_Char
 .text.UART_Send_String
                0x00000fa6       0x58 ./MCAL/UART/UART.o
                0x00000fa6                UART_Send_String
 .text.UART_Receive_String
                0x00000ffe       0x86 ./MCAL/UART/UART.o
                0x00000ffe                UART_Receive_String
 .text.UART_RX_InterruptEnable
                0x00001084       0x1c ./MCAL/UART/UART.o
                0x00001084                UART_RX_InterruptEnable
 .text.UART_TX_InterruptEnable
                0x000010a0       0x1c ./MCAL/UART/UART.o
                0x000010a0                UART_TX_InterruptEnable
 .text.UART_RX_InterruptDisable
                0x000010bc       0x1c ./MCAL/UART/UART.o
                0x000010bc                UART_RX_InterruptDisable
 .text.UART_TX_InterruptDisable
                0x000010d8       0x1c ./MCAL/UART/UART.o
                0x000010d8                UART_TX_InterruptDisable
 .text.UART_RX_SetCallBack
                0x000010f4       0x24 ./MCAL/UART/UART.o
                0x000010f4                UART_RX_SetCallBack
 .text.UART_TX_SetCallBack
                0x00001118       0x24 ./MCAL/UART/UART.o
                0x00001118                UART_TX_SetCallBack
 .text.__vector_15
                0x0000113c       0x66 ./MCAL/UART/UART.o
                0x0000113c                __vector_15
 .text.__vector_13
                0x000011a2       0x66 ./MCAL/UART/UART.o
                0x000011a2                __vector_13
 .text.UART_Receive_NoBlock
                0x00001208       0x3e ./MCAL/UART/UART.o
                0x00001208                UART_Receive_NoBlock
 .text.UART_SendString_ASYNCH
                0x00001246       0x3a ./MCAL/UART/UART.o
                0x00001246                UART_SendString_ASYNCH
 .text.Func_TX  0x00001280       0x5c ./MCAL/UART/UART.o
 .text.UART_ReceiveString_ASYNCH
                0x000012dc       0x30 ./MCAL/UART/UART.o
                0x000012dc                UART_ReceiveString_ASYNCH
 .text.Receive_Int_Function
                0x0000130c       0x3e ./MCAL/UART/UART.o
 .text.TIMER0_Init
                0x0000134a      0x1b4 ./MCAL/Timer/Timer.o
                0x0000134a                TIMER0_Init
 .text.TIMER0_Stop
                0x000014fe       0x3a ./MCAL/Timer/Timer.o
                0x000014fe                TIMER0_Stop
 .text.TIMER0_GetCompareValue
                0x00001538       0x26 ./MCAL/Timer/Timer.o
                0x00001538                TIMER0_GetCompareValue
 .text.TIMER0_SetCompareValue
                0x0000155e       0x1e ./MCAL/Timer/Timer.o
                0x0000155e                TIMER0_SetCompareValue
 .text.TIMER0_GetCounterValue
                0x0000157c       0x26 ./MCAL/Timer/Timer.o
                0x0000157c                TIMER0_GetCounterValue
 .text.TIMER0_SetCounterValue
                0x000015a2       0x1e ./MCAL/Timer/Timer.o
                0x000015a2                TIMER0_SetCounterValue
 .text.TIMER0_GetOVF_Flag
                0x000015c0       0x24 ./MCAL/Timer/Timer.o
                0x000015c0                TIMER0_GetOVF_Flag
 .text.PWM_Set_DutyCycle
                0x000015e4       0xf4 ./MCAL/Timer/Timer.o
                0x000015e4                PWM_Set_DutyCycle
 .text.Timer0_Set_Delay_ms
                0x000016d8       0xbe ./MCAL/Timer/Timer.o
                0x000016d8                Timer0_Set_Delay_ms
 .text.Timer0_OVF_SetCallBack
                0x00001796       0x24 ./MCAL/Timer/Timer.o
                0x00001796                Timer0_OVF_SetCallBack
 .text.Timer0_OCM_SetCallBack
                0x000017ba       0x24 ./MCAL/Timer/Timer.o
                0x000017ba                Timer0_OCM_SetCallBack
 .text.TIMER1_Init
                0x000017de      0x212 ./MCAL/Timer/Timer.o
                0x000017de                TIMER1_Init
 .text.TIMER1_Stop
                0x000019f0       0x3a ./MCAL/Timer/Timer.o
                0x000019f0                TIMER1_Stop
 .text.__vector_11
                0x00001a2a       0x70 ./MCAL/Timer/Timer.o
                0x00001a2a                __vector_11
 .text.__vector_10
                0x00001a9a       0x66 ./MCAL/Timer/Timer.o
                0x00001a9a                __vector_10
 .text.SPI_Init
                0x00001b00      0x254 ./MCAL/SPI/SPI.o
                0x00001b00                SPI_Init
 .text.SPI_Transmit_Receive
                0x00001d54       0x2c ./MCAL/SPI/SPI.o
                0x00001d54                SPI_Transmit_Receive
 .text.I2C_Init
                0x00001d80       0x78 ./MCAL/I2C/I2C.o
                0x00001d80                I2C_Init
 .text.I2C_Start
                0x00001df8       0x2a ./MCAL/I2C/I2C.o
                0x00001df8                I2C_Start
 .text.I2C_Write
                0x00001e22       0x2e ./MCAL/I2C/I2C.o
                0x00001e22                I2C_Write
 .text.I2C_Stop
                0x00001e50       0x16 ./MCAL/I2C/I2C.o
                0x00001e50                I2C_Stop
 .text.I2C_Set_Address
                0x00001e66       0x1e ./MCAL/I2C/I2C.o
                0x00001e66                I2C_Set_Address
 .text.I2C_Slave_Read
                0x00001e84       0x6a ./MCAL/I2C/I2C.o
                0x00001e84                I2C_Slave_Read
 .text.I2C_Read
                0x00001eee       0x26 ./MCAL/I2C/I2C.o
                0x00001eee                I2C_Read
 .text.EXI_Set_CallBack
                0x00001f14       0x72 ./MCAL/EXT_INTERRUPTS/EXT_INTERRUPTS.o
                0x00001f14                EXI_Set_CallBack
 .text.EXI_ENABLE
                0x00001f86       0x6e ./MCAL/EXT_INTERRUPTS/EXT_INTERRUPTS.o
                0x00001f86                EXI_ENABLE
 .text.EXI_DISABLE
                0x00001ff4       0x6e ./MCAL/EXT_INTERRUPTS/EXT_INTERRUPTS.o
                0x00001ff4                EXI_DISABLE
 .text.EXI_TriggerEdge
                0x00002062      0x210 ./MCAL/EXT_INTERRUPTS/EXT_INTERRUPTS.o
                0x00002062                EXI_TriggerEdge
 .text.__vector_1
                0x00002272       0x66 ./MCAL/EXT_INTERRUPTS/EXT_INTERRUPTS.o
                0x00002272                __vector_1
 .text.__vector_2
                0x000022d8       0x66 ./MCAL/EXT_INTERRUPTS/EXT_INTERRUPTS.o
                0x000022d8                __vector_2
 .text.__vector_3
                0x0000233e       0x66 ./MCAL/EXT_INTERRUPTS/EXT_INTERRUPTS.o
                0x0000233e                __vector_3
 .text.DIO_ES_tSetPinDirection
                0x000023a4      0x1de ./MCAL/Dio/Dio_prog.o
                0x000023a4                DIO_ES_tSetPinDirection
 .text.DIO_ES_tSetPinValue
                0x00002582      0x1de ./MCAL/Dio/Dio_prog.o
                0x00002582                DIO_ES_tSetPinValue
 .text.DIO_ES_tGetPinValue
                0x00002760       0xf4 ./MCAL/Dio/Dio_prog.o
                0x00002760                DIO_ES_tGetPinValue
 .text.DIO_ES_tSetPortDirection
                0x00002854       0xdc ./MCAL/Dio/Dio_prog.o
                0x00002854                DIO_ES_tSetPortDirection
 .text.DIO_ES_tSetPortValue
                0x00002930       0xdc ./MCAL/Dio/Dio_prog.o
                0x00002930                DIO_ES_tSetPortValue
 .text.DIO_ES_tTOGPin
                0x00002a0c       0xea ./MCAL/Dio/Dio_prog.o
                0x00002a0c                DIO_ES_tTOGPin
 .text.DIO_ES_tInit
                0x00002af6      0x572 ./MCAL/Dio/Dio_prog.o
                0x00002af6                DIO_ES_tInit
 .text.Servo_Init
                0x00003068       0x52 ./HAL/Servo_Motor/Servo.o
                0x00003068                Servo_Init
 .text.Servo_Turn
                0x000030ba       0xa4 ./HAL/Servo_Motor/Servo.o
                0x000030ba                Servo_Turn
 .text.Servo_Stop
                0x0000315e       0x12 ./HAL/Servo_Motor/Servo.o
                0x0000315e                Servo_Stop
 .text.LCD_ES_tTrigger_Enable
                0x00003170      0x334 ./HAL/Lcd/Lcd.o
 .text.Lcd_ES_tInit
                0x000034a4       0x2e ./HAL/Lcd/Lcd.o
                0x000034a4                Lcd_ES_tInit
 .text.lcd_ES_tclear
                0x000034d2      0x112 ./HAL/Lcd/Lcd.o
                0x000034d2                lcd_ES_tclear
 .text.Lcd_ES_tsendCmd
                0x000035e4      0x168 ./HAL/Lcd/Lcd.o
                0x000035e4                Lcd_ES_tsendCmd
 .text.Lcd_ES_tsendChar
                0x0000374c      0x168 ./HAL/Lcd/Lcd.o
                0x0000374c                Lcd_ES_tsendChar
 .text.Lcd_ES_tsendString
                0x000038b4       0x68 ./HAL/Lcd/Lcd.o
                0x000038b4                Lcd_ES_tsendString
 .text.Lcd_ES_tsendString_xy
                0x0000391c       0x48 ./HAL/Lcd/Lcd.o
                0x0000391c                Lcd_ES_tsendString_xy
 .text.Lcd_ES_tdisplayNum
                0x00003964       0xc6 ./HAL/Lcd/Lcd.o
                0x00003964                Lcd_ES_tdisplayNum
 .text.Lcd_ES_tdisplayNum_xy
                0x00003a2a      0x266 ./HAL/Lcd/Lcd.o
                0x00003a2a                Lcd_ES_tdisplayNum_xy
 .text.Lcd_ES_tsendChar_xy
                0x00003c90      0x262 ./HAL/Lcd/Lcd.o
                0x00003c90                Lcd_ES_tsendChar_xy
 .text.LCD_ES_tSet_Cursor_Pos
                0x00003ef2       0x66 ./HAL/Lcd/Lcd.o
 .text.LCD_ES_tGoTo
                0x00003f58       0x52 ./HAL/Lcd/Lcd.o
                0x00003f58                LCD_ES_tGoTo
 .text.KPD_ES_tGetKeyPressed
                0x00003faa      0x21e ./HAL/KPD/KPD_program.o
                0x00003faa                KPD_ES_tGetKeyPressed
 .text.DC_Motor_Init
                0x000041c8       0xbc ./HAL/DC_MOTOR/DC_Motor.o
                0x000041c8                DC_Motor_Init
 .text.DC_Motor_Stop
                0x00004284       0x58 ./HAL/DC_MOTOR/DC_Motor.o
                0x00004284                DC_Motor_Stop
 .text.DC_Motor_Move
                0x000042dc       0xdc ./HAL/DC_MOTOR/DC_Motor.o
                0x000042dc                DC_Motor_Move
 .text.main     0x000043b8      0x1fa ./APP/main.o
                0x000043b8                main
 .text.libgcc   0x000045b2       0x3e c:/winavr-20100110/bin/../lib/gcc/avr/4.3.3/avr5\libgcc.a(_mulsi3.o)
                0x000045b2                __mulsi3
 .text.libgcc   0x000045f0       0x28 c:/winavr-20100110/bin/../lib/gcc/avr/4.3.3/avr5\libgcc.a(_udivmodhi4.o)
                0x000045f0                __udivmodhi4
 .text.libgcc   0x00004618       0x26 c:/winavr-20100110/bin/../lib/gcc/avr/4.3.3/avr5\libgcc.a(_divmodhi4.o)
                0x00004618                __divmodhi4
                0x00004618                _div
 .text.libgcc   0x0000463e       0x44 c:/winavr-20100110/bin/../lib/gcc/avr/4.3.3/avr5\libgcc.a(_udivmodsi4.o)
                0x0000463e                __udivmodsi4
 .text.libgcc   0x00004682        0x0 c:/winavr-20100110/bin/../lib/gcc/avr/4.3.3/avr5\libgcc.a(_exit.o)
 .text.libgcc   0x00004682        0x0 c:/winavr-20100110/bin/../lib/gcc/avr/4.3.3/avr5\libgcc.a(_copy_data.o)
 .text.libgcc   0x00004682        0x0 c:/winavr-20100110/bin/../lib/gcc/avr/4.3.3/avr5\libgcc.a(_clear_bss.o)
 .text.libgcc   0x00004682       0x38 c:/winavr-20100110/bin/../lib/gcc/avr/4.3.3/avr5\libgcc.a(_prologue.o)
                0x00004682                __prologue_saves__
 .text.libgcc   0x000046ba       0x36 c:/winavr-20100110/bin/../lib/gcc/avr/4.3.3/avr5\libgcc.a(_epilogue.o)
                0x000046ba                __epilogue_restores__
                0x000046f0                . = ALIGN (0x2)
 *(.fini9)
 .fini9         0x000046f0        0x0 c:/winavr-20100110/bin/../lib/gcc/avr/4.3.3/avr5\libgcc.a(_exit.o)
                0x000046f0                exit
                0x000046f0                _exit
 *(.fini9)
 *(.fini8)
 *(.fini8)
 *(.fini7)
 *(.fini7)
 *(.fini6)
 *(.fini6)
 *(.fini5)
 *(.fini5)
 *(.fini4)
 *(.fini4)
 *(.fini3)
 *(.fini3)
 *(.fini2)
 *(.fini2)
 *(.fini1)
 *(.fini1)
 *(.fini0)
 .fini0         0x000046f0        0x4 c:/winavr-20100110/bin/../lib/gcc/avr/4.3.3/avr5\libgcc.a(_exit.o)
 *(.fini0)
                0x000046f4                _etext = .

.data           0x00800060      0x1ce load address 0x000046f4
                0x00800060                PROVIDE (__data_start, .)
 *(.data)
 .data          0x00800060        0x0 c:/winavr-20100110/bin/../lib/gcc/avr/4.3.3/../../../../avr/lib/avr5/crtm32.o
 .data          0x00800060        0x0 ./MCAL/WDT/WDT.o
 .data          0x00800060        0x0 ./MCAL/UART/UART.o
 .data          0x00800060        0x0 ./MCAL/Timer/Timer.o
 .data          0x00800060        0x0 ./MCAL/SPI/SPI.o
 .data          0x00800060        0x0 ./MCAL/I2C/I2C.o
 .data          0x00800060        0x0 ./MCAL/EXT_INTERRUPTS/EXT_INTERRUPTS.o
 .data          0x00800060        0x0 ./MCAL/Dio/Dio_prog.o
 .data          0x00800060        0x0 ./HAL/Servo_Motor/Servo.o
 .data          0x00800060        0x0 ./HAL/Lcd/Lcd.o
 .data          0x00800060        0x0 ./HAL/KPD/KPD_program.o
 .data          0x00800060        0x0 ./HAL/DC_MOTOR/DC_Motor.o
 .data          0x00800060        0x0 ./APP/main.o
 .data          0x00800060        0x0 c:/winavr-20100110/bin/../lib/gcc/avr/4.3.3/avr5\libgcc.a(_mulsi3.o)
 .data          0x00800060        0x0 c:/winavr-20100110/bin/../lib/gcc/avr/4.3.3/avr5\libgcc.a(_udivmodhi4.o)
 .data          0x00800060        0x0 c:/winavr-20100110/bin/../lib/gcc/avr/4.3.3/avr5\libgcc.a(_divmodhi4.o)
 .data          0x00800060        0x0 c:/winavr-20100110/bin/../lib/gcc/avr/4.3.3/avr5\libgcc.a(_udivmodsi4.o)
 .data          0x00800060        0x0 c:/winavr-20100110/bin/../lib/gcc/avr/4.3.3/avr5\libgcc.a(_exit.o)
 .data          0x00800060        0x0 c:/winavr-20100110/bin/../lib/gcc/avr/4.3.3/avr5\libgcc.a(_copy_data.o)
 .data          0x00800060        0x0 c:/winavr-20100110/bin/../lib/gcc/avr/4.3.3/avr5\libgcc.a(_clear_bss.o)
 .data          0x00800060        0x0 c:/winavr-20100110/bin/../lib/gcc/avr/4.3.3/avr5\libgcc.a(_fixunssfsi.o)
 .data          0x00800060        0x0 c:/winavr-20100110/bin/../lib/gcc/avr/4.3.3/avr5\libgcc.a(_addsub_sf.o)
 .data          0x00800060        0x0 c:/winavr-20100110/bin/../lib/gcc/avr/4.3.3/avr5\libgcc.a(_mul_sf.o)
 .data          0x00800060        0x0 c:/winavr-20100110/bin/../lib/gcc/avr/4.3.3/avr5\libgcc.a(_div_sf.o)
 .data          0x00800060        0x0 c:/winavr-20100110/bin/../lib/gcc/avr/4.3.3/avr5\libgcc.a(_gt_sf.o)
 .data          0x00800060        0x0 c:/winavr-20100110/bin/../lib/gcc/avr/4.3.3/avr5\libgcc.a(_ge_sf.o)
 .data          0x00800060        0x0 c:/winavr-20100110/bin/../lib/gcc/avr/4.3.3/avr5\libgcc.a(_lt_sf.o)
 .data          0x00800060        0x0 c:/winavr-20100110/bin/../lib/gcc/avr/4.3.3/avr5\libgcc.a(_sf_to_si.o)
 .data          0x00800060        0x8 c:/winavr-20100110/bin/../lib/gcc/avr/4.3.3/avr5\libgcc.a(_thenan_sf.o)
                0x00800060                __thenan_sf
 .data          0x00800068        0x0 c:/winavr-20100110/bin/../lib/gcc/avr/4.3.3/avr5\libgcc.a(_usi_to_sf.o)
 .data          0x00800068        0x0 c:/winavr-20100110/bin/../lib/gcc/avr/4.3.3/avr5\libgcc.a(_prologue.o)
 .data          0x00800068        0x0 c:/winavr-20100110/bin/../lib/gcc/avr/4.3.3/avr5\libgcc.a(_epilogue.o)
 .data          0x00800068        0x0 c:/winavr-20100110/bin/../lib/gcc/avr/4.3.3/avr5\libgcc.a(_clzsi2.o)
 .data          0x00800068        0x0 c:/winavr-20100110/bin/../lib/gcc/avr/4.3.3/avr5\libgcc.a(_pack_sf.o)
 .data          0x00800068        0x0 c:/winavr-20100110/bin/../lib/gcc/avr/4.3.3/avr5\libgcc.a(_unpack_sf.o)
 .data          0x00800068        0x0 c:/winavr-20100110/bin/../lib/gcc/avr/4.3.3/avr5\libgcc.a(_fpcmp_parts_sf.o)
 .data          0x00800068      0x100 c:/winavr-20100110/bin/../lib/gcc/avr/4.3.3/avr5\libgcc.a(_clz.o)
                0x00800068                __clz_tab
 *(.data*)
 .data.i.1392   0x00800168        0x1 ./MCAL/UART/UART.o
 .data.Dio_CfgPinsArray
                0x00800169       0x60 ./MCAL/Dio/Dio_prog.o
                0x00800169                Dio_CfgPinsArray
 *(.rodata)
 *(.rodata*)
 .rodata.BaudRateArray
                0x008001c9       0x48 ./MCAL/UART/UART.o
                0x008001c9                BaudRateArray
 .rodata.KPD_Au8Keys
                0x00800211       0x10 ./HAL/KPD/KPD_program.o
                0x00800211                KPD_Au8Keys
 .rodata.KPD_Au8RowsPins
                0x00800221        0x4 ./HAL/KPD/KPD_program.o
                0x00800221                KPD_Au8RowsPins
 .rodata.KPD_Au8ColsPins
                0x00800225        0x4 ./HAL/KPD/KPD_program.o
                0x00800225                KPD_Au8ColsPins
 .rodata.C.0.1379
                0x00800229        0x5 ./HAL/DC_MOTOR/DC_Motor.o
 *(.gnu.linkonce.d*)
                0x0080022e                . = ALIGN (0x2)
                0x0080022e                _edata = .
                0x0080022e                PROVIDE (__data_end, .)

.bss            0x0080022e       0x2c
                0x0080022e                PROVIDE (__bss_start, .)
 *(.bss)
 .bss           0x0080022e        0x0 c:/winavr-20100110/bin/../lib/gcc/avr/4.3.3/../../../../avr/lib/avr5/crtm32.o
 .bss           0x0080022e        0x0 ./MCAL/WDT/WDT.o
 .bss           0x0080022e        0x0 ./MCAL/UART/UART.o
 .bss           0x0080022e        0x0 ./MCAL/Timer/Timer.o
 .bss           0x0080022e        0x0 ./MCAL/SPI/SPI.o
 .bss           0x0080022e        0x0 ./MCAL/I2C/I2C.o
 .bss           0x0080022e        0x0 ./MCAL/EXT_INTERRUPTS/EXT_INTERRUPTS.o
 .bss           0x0080022e        0x0 ./MCAL/Dio/Dio_prog.o
 .bss           0x0080022e        0x0 ./HAL/Servo_Motor/Servo.o
 .bss           0x0080022e        0x0 ./HAL/Lcd/Lcd.o
 .bss           0x0080022e        0x0 ./HAL/KPD/KPD_program.o
 .bss           0x0080022e        0x0 ./HAL/DC_MOTOR/DC_Motor.o
 .bss           0x0080022e        0x0 ./APP/main.o
 .bss           0x0080022e        0x0 c:/winavr-20100110/bin/../lib/gcc/avr/4.3.3/avr5\libgcc.a(_mulsi3.o)
 .bss           0x0080022e        0x0 c:/winavr-20100110/bin/../lib/gcc/avr/4.3.3/avr5\libgcc.a(_udivmodhi4.o)
 .bss           0x0080022e        0x0 c:/winavr-20100110/bin/../lib/gcc/avr/4.3.3/avr5\libgcc.a(_divmodhi4.o)
 .bss           0x0080022e        0x0 c:/winavr-20100110/bin/../lib/gcc/avr/4.3.3/avr5\libgcc.a(_udivmodsi4.o)
 .bss           0x0080022e        0x0 c:/winavr-20100110/bin/../lib/gcc/avr/4.3.3/avr5\libgcc.a(_exit.o)
 .bss           0x0080022e        0x0 c:/winavr-20100110/bin/../lib/gcc/avr/4.3.3/avr5\libgcc.a(_copy_data.o)
 .bss           0x0080022e        0x0 c:/winavr-20100110/bin/../lib/gcc/avr/4.3.3/avr5\libgcc.a(_clear_bss.o)
 .bss           0x0080022e        0x0 c:/winavr-20100110/bin/../lib/gcc/avr/4.3.3/avr5\libgcc.a(_fixunssfsi.o)
 .bss           0x0080022e        0x0 c:/winavr-20100110/bin/../lib/gcc/avr/4.3.3/avr5\libgcc.a(_addsub_sf.o)
 .bss           0x0080022e        0x0 c:/winavr-20100110/bin/../lib/gcc/avr/4.3.3/avr5\libgcc.a(_mul_sf.o)
 .bss           0x0080022e        0x0 c:/winavr-20100110/bin/../lib/gcc/avr/4.3.3/avr5\libgcc.a(_div_sf.o)
 .bss           0x0080022e        0x0 c:/winavr-20100110/bin/../lib/gcc/avr/4.3.3/avr5\libgcc.a(_gt_sf.o)
 .bss           0x0080022e        0x0 c:/winavr-20100110/bin/../lib/gcc/avr/4.3.3/avr5\libgcc.a(_ge_sf.o)
 .bss           0x0080022e        0x0 c:/winavr-20100110/bin/../lib/gcc/avr/4.3.3/avr5\libgcc.a(_lt_sf.o)
 .bss           0x0080022e        0x0 c:/winavr-20100110/bin/../lib/gcc/avr/4.3.3/avr5\libgcc.a(_sf_to_si.o)
 .bss           0x0080022e        0x0 c:/winavr-20100110/bin/../lib/gcc/avr/4.3.3/avr5\libgcc.a(_thenan_sf.o)
 .bss           0x0080022e        0x0 c:/winavr-20100110/bin/../lib/gcc/avr/4.3.3/avr5\libgcc.a(_usi_to_sf.o)
 .bss           0x0080022e        0x0 c:/winavr-20100110/bin/../lib/gcc/avr/4.3.3/avr5\libgcc.a(_prologue.o)
 .bss           0x0080022e        0x0 c:/winavr-20100110/bin/../lib/gcc/avr/4.3.3/avr5\libgcc.a(_epilogue.o)
 .bss           0x0080022e        0x0 c:/winavr-20100110/bin/../lib/gcc/avr/4.3.3/avr5\libgcc.a(_clzsi2.o)
 .bss           0x0080022e        0x0 c:/winavr-20100110/bin/../lib/gcc/avr/4.3.3/avr5\libgcc.a(_pack_sf.o)
 .bss           0x0080022e        0x0 c:/winavr-20100110/bin/../lib/gcc/avr/4.3.3/avr5\libgcc.a(_unpack_sf.o)
 .bss           0x0080022e        0x0 c:/winavr-20100110/bin/../lib/gcc/avr/4.3.3/avr5\libgcc.a(_fpcmp_parts_sf.o)
 .bss           0x0080022e        0x0 c:/winavr-20100110/bin/../lib/gcc/avr/4.3.3/avr5\libgcc.a(_clz.o)
 *(.bss*)
 .bss.i.1414    0x0080022e        0x1 ./MCAL/UART/UART.o
 .bss.Asynch_Send_Str
                0x0080022f        0x2 ./MCAL/UART/UART.o
 .bss.Asynch_receive_str
                0x00800231        0x2 ./MCAL/UART/UART.o
 .bss.UART_RX_Fptr
                0x00800233        0x2 ./MCAL/UART/UART.o
 .bss.UART_TX_Fptr
                0x00800235        0x2 ./MCAL/UART/UART.o
 .bss.Timer0_OVF_Fptr
                0x00800237        0x2 ./MCAL/Timer/Timer.o
 .bss.Timer0_OCM_Fptr
                0x00800239        0x2 ./MCAL/Timer/Timer.o
 .bss.OVF_Number
                0x0080023b        0x1 ./MCAL/Timer/Timer.o
                0x0080023b                OVF_Number
 .bss.Global_Delay_Status
                0x0080023c        0x1 ./MCAL/Timer/Timer.o
                0x0080023c                Global_Delay_Status
 .bss.INT0_Fptr
                0x0080023d        0x2 ./MCAL/EXT_INTERRUPTS/EXT_INTERRUPTS.o
 .bss.INT1_Fptr
                0x0080023f        0x2 ./MCAL/EXT_INTERRUPTS/EXT_INTERRUPTS.o
 .bss.INT2_Fptr
                0x00800241        0x2 ./MCAL/EXT_INTERRUPTS/EXT_INTERRUPTS.o
 *(COMMON)
 COMMON         0x00800243        0xf ./MCAL/Timer/Timer.o
                0x00800243                Global_Timer0_Cfg
                0x00800248                OVF_Num_Delay
                0x0080024a                Global_Timer1_Cfg
 COMMON         0x00800252        0x8 ./HAL/Servo_Motor/Servo.o
                0x00800252                Timer1Cfg
                0x0080025a                PROVIDE (__bss_end, .)
                0x000046f4                __data_load_start = LOADADDR (.data)
                0x000048c2                __data_load_end = (__data_load_start + SIZEOF (.data))

.noinit         0x0080025a        0x0
                0x0080025a                PROVIDE (__noinit_start, .)
 *(.noinit*)
                0x0080025a                PROVIDE (__noinit_end, .)
                0x0080025a                _end = .
                0x0080025a                PROVIDE (__heap_start, .)

.eeprom         0x00810000        0x0
 *(.eeprom*)
                0x00810000                __eeprom_end = .

.fuse
 *(.fuse)
 *(.lfuse)
 *(.hfuse)
 *(.efuse)

.lock
 *(.lock*)

.signature
 *(.signature*)

.stab           0x00000000      0xaa4
 *(.stab)
 .stab          0x00000000      0xaa4 ./MCAL/Timer/Timer.o

.stabstr        0x00000000      0xd83
 *(.stabstr)
 .stabstr       0x00000000      0xd83 ./MCAL/Timer/Timer.o

.stab.excl
 *(.stab.excl)

.stab.exclstr
 *(.stab.exclstr)

.stab.index
 *(.stab.index)

.stab.indexstr
 *(.stab.indexstr)

.comment
 *(.comment)

.debug
 *(.debug)

.line
 *(.line)

.debug_srcinfo
 *(.debug_srcinfo)

.debug_sfnames
 *(.debug_sfnames)

.debug_aranges  0x00000000      0x4b0
 *(.debug_aranges)
 .debug_aranges
                0x00000000       0x28 ./MCAL/WDT/WDT.o
 .debug_aranges
                0x00000028       0xb8 ./MCAL/UART/UART.o
 .debug_aranges
                0x000000e0       0x28 ./MCAL/SPI/SPI.o
 .debug_aranges
                0x00000108       0x50 ./MCAL/I2C/I2C.o
 .debug_aranges
                0x00000158       0x50 ./MCAL/EXT_INTERRUPTS/EXT_INTERRUPTS.o
 .debug_aranges
                0x000001a8       0x50 ./MCAL/Dio/Dio_prog.o
 .debug_aranges
                0x000001f8       0x30 ./HAL/Servo_Motor/Servo.o
 .debug_aranges
                0x00000228       0x78 ./HAL/Lcd/Lcd.o
 .debug_aranges
                0x000002a0       0x20 ./HAL/KPD/KPD_program.o
 .debug_aranges
                0x000002c0       0x30 ./HAL/DC_MOTOR/DC_Motor.o
 .debug_aranges
                0x000002f0       0x20 ./APP/main.o
 .debug_aranges
                0x00000310       0x20 c:/winavr-20100110/bin/../lib/gcc/avr/4.3.3/avr5\libgcc.a(_fixunssfsi.o)
 .debug_aranges
                0x00000330       0x20 c:/winavr-20100110/bin/../lib/gcc/avr/4.3.3/avr5\libgcc.a(_addsub_sf.o)
 .debug_aranges
                0x00000350       0x20 c:/winavr-20100110/bin/../lib/gcc/avr/4.3.3/avr5\libgcc.a(_mul_sf.o)
 .debug_aranges
                0x00000370       0x20 c:/winavr-20100110/bin/../lib/gcc/avr/4.3.3/avr5\libgcc.a(_div_sf.o)
 .debug_aranges
                0x00000390       0x20 c:/winavr-20100110/bin/../lib/gcc/avr/4.3.3/avr5\libgcc.a(_gt_sf.o)
 .debug_aranges
                0x000003b0       0x20 c:/winavr-20100110/bin/../lib/gcc/avr/4.3.3/avr5\libgcc.a(_ge_sf.o)
 .debug_aranges
                0x000003d0       0x20 c:/winavr-20100110/bin/../lib/gcc/avr/4.3.3/avr5\libgcc.a(_lt_sf.o)
 .debug_aranges
                0x000003f0       0x20 c:/winavr-20100110/bin/../lib/gcc/avr/4.3.3/avr5\libgcc.a(_sf_to_si.o)
 .debug_aranges
                0x00000410       0x20 c:/winavr-20100110/bin/../lib/gcc/avr/4.3.3/avr5\libgcc.a(_usi_to_sf.o)
 .debug_aranges
                0x00000430       0x20 c:/winavr-20100110/bin/../lib/gcc/avr/4.3.3/avr5\libgcc.a(_clzsi2.o)
 .debug_aranges
                0x00000450       0x20 c:/winavr-20100110/bin/../lib/gcc/avr/4.3.3/avr5\libgcc.a(_pack_sf.o)
 .debug_aranges
                0x00000470       0x20 c:/winavr-20100110/bin/../lib/gcc/avr/4.3.3/avr5\libgcc.a(_unpack_sf.o)
 .debug_aranges
                0x00000490       0x20 c:/winavr-20100110/bin/../lib/gcc/avr/4.3.3/avr5\libgcc.a(_fpcmp_parts_sf.o)

.debug_pubnames
                0x00000000      0x7f5
 *(.debug_pubnames)
 .debug_pubnames
                0x00000000       0x2d ./MCAL/WDT/WDT.o
 .debug_pubnames
                0x0000002d      0x1d1 ./MCAL/UART/UART.o
 .debug_pubnames
                0x000001fe       0x38 ./MCAL/SPI/SPI.o
 .debug_pubnames
                0x00000236       0x7c ./MCAL/I2C/I2C.o
 .debug_pubnames
                0x000002b2       0x87 ./MCAL/EXT_INTERRUPTS/EXT_INTERRUPTS.o
 .debug_pubnames
                0x00000339       0xcd ./MCAL/Dio/Dio_prog.o
 .debug_pubnames
                0x00000406       0x4d ./HAL/Servo_Motor/Servo.o
 .debug_pubnames
                0x00000453       0xe9 ./HAL/Lcd/Lcd.o
 .debug_pubnames
                0x0000053c       0x64 ./HAL/KPD/KPD_program.o
 .debug_pubnames
                0x000005a0       0x48 ./HAL/DC_MOTOR/DC_Motor.o
 .debug_pubnames
                0x000005e8       0x1b ./APP/main.o
 .debug_pubnames
                0x00000603       0x23 c:/winavr-20100110/bin/../lib/gcc/avr/4.3.3/avr5\libgcc.a(_fixunssfsi.o)
 .debug_pubnames
                0x00000626       0x2c c:/winavr-20100110/bin/../lib/gcc/avr/4.3.3/avr5\libgcc.a(_addsub_sf.o)
 .debug_pubnames
                0x00000652       0x1f c:/winavr-20100110/bin/../lib/gcc/avr/4.3.3/avr5\libgcc.a(_mul_sf.o)
 .debug_pubnames
                0x00000671       0x1f c:/winavr-20100110/bin/../lib/gcc/avr/4.3.3/avr5\libgcc.a(_div_sf.o)
 .debug_pubnames
                0x00000690       0x1e c:/winavr-20100110/bin/../lib/gcc/avr/4.3.3/avr5\libgcc.a(_gt_sf.o)
 .debug_pubnames
                0x000006ae       0x1e c:/winavr-20100110/bin/../lib/gcc/avr/4.3.3/avr5\libgcc.a(_ge_sf.o)
 .debug_pubnames
                0x000006cc       0x1e c:/winavr-20100110/bin/../lib/gcc/avr/4.3.3/avr5\libgcc.a(_lt_sf.o)
 .debug_pubnames
                0x000006ea       0x20 c:/winavr-20100110/bin/../lib/gcc/avr/4.3.3/avr5\libgcc.a(_sf_to_si.o)
 .debug_pubnames
                0x0000070a       0x22 c:/winavr-20100110/bin/../lib/gcc/avr/4.3.3/avr5\libgcc.a(_thenan_sf.o)
 .debug_pubnames
                0x0000072c       0x24 c:/winavr-20100110/bin/../lib/gcc/avr/4.3.3/avr5\libgcc.a(_usi_to_sf.o)
 .debug_pubnames
                0x00000750       0x1f c:/winavr-20100110/bin/../lib/gcc/avr/4.3.3/avr5\libgcc.a(_clzsi2.o)
 .debug_pubnames
                0x0000076f       0x1f c:/winavr-20100110/bin/../lib/gcc/avr/4.3.3/avr5\libgcc.a(_pack_sf.o)
 .debug_pubnames
                0x0000078e       0x21 c:/winavr-20100110/bin/../lib/gcc/avr/4.3.3/avr5\libgcc.a(_unpack_sf.o)
 .debug_pubnames
                0x000007af       0x26 c:/winavr-20100110/bin/../lib/gcc/avr/4.3.3/avr5\libgcc.a(_fpcmp_parts_sf.o)
 .debug_pubnames
                0x000007d5       0x20 c:/winavr-20100110/bin/../lib/gcc/avr/4.3.3/avr5\libgcc.a(_clz.o)

.debug_info     0x00000000     0x41f9
 *(.debug_info)
 .debug_info    0x00000000       0xcf ./MCAL/WDT/WDT.o
 .debug_info    0x000000cf      0x3cb ./MCAL/UART/UART.o
 .debug_info    0x0000049a      0x189 ./MCAL/SPI/SPI.o
 .debug_info    0x00000623      0x152 ./MCAL/I2C/I2C.o
 .debug_info    0x00000775      0x1e3 ./MCAL/EXT_INTERRUPTS/EXT_INTERRUPTS.o
 .debug_info    0x00000958      0x381 ./MCAL/Dio/Dio_prog.o
 .debug_info    0x00000cd9      0x33f ./HAL/Servo_Motor/Servo.o
 .debug_info    0x00001018      0x6f8 ./HAL/Lcd/Lcd.o
 .debug_info    0x00001710      0x242 ./HAL/KPD/KPD_program.o
 .debug_info    0x00001952      0x32d ./HAL/DC_MOTOR/DC_Motor.o
 .debug_info    0x00001c7f      0x16f ./APP/main.o
 .debug_info    0x00001dee       0xb1 c:/winavr-20100110/bin/../lib/gcc/avr/4.3.3/avr5\libgcc.a(_fixunssfsi.o)
 .debug_info    0x00001e9f      0x47a c:/winavr-20100110/bin/../lib/gcc/avr/4.3.3/avr5\libgcc.a(_addsub_sf.o)
 .debug_info    0x00002319      0x485 c:/winavr-20100110/bin/../lib/gcc/avr/4.3.3/avr5\libgcc.a(_mul_sf.o)
 .debug_info    0x0000279e      0x3fc c:/winavr-20100110/bin/../lib/gcc/avr/4.3.3/avr5\libgcc.a(_div_sf.o)
 .debug_info    0x00002b9a      0x27f c:/winavr-20100110/bin/../lib/gcc/avr/4.3.3/avr5\libgcc.a(_gt_sf.o)
 .debug_info    0x00002e19      0x27f c:/winavr-20100110/bin/../lib/gcc/avr/4.3.3/avr5\libgcc.a(_ge_sf.o)
 .debug_info    0x00003098      0x27f c:/winavr-20100110/bin/../lib/gcc/avr/4.3.3/avr5\libgcc.a(_lt_sf.o)
 .debug_info    0x00003317      0x2b0 c:/winavr-20100110/bin/../lib/gcc/avr/4.3.3/avr5\libgcc.a(_sf_to_si.o)
 .debug_info    0x000035c7      0x12c c:/winavr-20100110/bin/../lib/gcc/avr/4.3.3/avr5\libgcc.a(_thenan_sf.o)
 .debug_info    0x000036f3      0x206 c:/winavr-20100110/bin/../lib/gcc/avr/4.3.3/avr5\libgcc.a(_usi_to_sf.o)
 .debug_info    0x000038f9      0x117 c:/winavr-20100110/bin/../lib/gcc/avr/4.3.3/avr5\libgcc.a(_clzsi2.o)
 .debug_info    0x00003a10      0x2df c:/winavr-20100110/bin/../lib/gcc/avr/4.3.3/avr5\libgcc.a(_pack_sf.o)
 .debug_info    0x00003cef      0x251 c:/winavr-20100110/bin/../lib/gcc/avr/4.3.3/avr5\libgcc.a(_unpack_sf.o)
 .debug_info    0x00003f40      0x210 c:/winavr-20100110/bin/../lib/gcc/avr/4.3.3/avr5\libgcc.a(_fpcmp_parts_sf.o)
 .debug_info    0x00004150       0xa9 c:/winavr-20100110/bin/../lib/gcc/avr/4.3.3/avr5\libgcc.a(_clz.o)
 *(.gnu.linkonce.wi.*)

.debug_abbrev   0x00000000     0x1de8
 *(.debug_abbrev)
 .debug_abbrev  0x00000000       0x9b ./MCAL/WDT/WDT.o
 .debug_abbrev  0x0000009b      0x16d ./MCAL/UART/UART.o
 .debug_abbrev  0x00000208       0xbe ./MCAL/SPI/SPI.o
 .debug_abbrev  0x000002c6       0xad ./MCAL/I2C/I2C.o
 .debug_abbrev  0x00000373       0xa9 ./MCAL/EXT_INTERRUPTS/EXT_INTERRUPTS.o
 .debug_abbrev  0x0000041c      0x124 ./MCAL/Dio/Dio_prog.o
 .debug_abbrev  0x00000540       0xd1 ./HAL/Servo_Motor/Servo.o
 .debug_abbrev  0x00000611      0x195 ./HAL/Lcd/Lcd.o
 .debug_abbrev  0x000007a6      0x133 ./HAL/KPD/KPD_program.o
 .debug_abbrev  0x000008d9       0xcf ./HAL/DC_MOTOR/DC_Motor.o
 .debug_abbrev  0x000009a8       0xba ./APP/main.o
 .debug_abbrev  0x00000a62       0x5d c:/winavr-20100110/bin/../lib/gcc/avr/4.3.3/avr5\libgcc.a(_fixunssfsi.o)
 .debug_abbrev  0x00000abf      0x1ea c:/winavr-20100110/bin/../lib/gcc/avr/4.3.3/avr5\libgcc.a(_addsub_sf.o)
 .debug_abbrev  0x00000ca9      0x21b c:/winavr-20100110/bin/../lib/gcc/avr/4.3.3/avr5\libgcc.a(_mul_sf.o)
 .debug_abbrev  0x00000ec4      0x216 c:/winavr-20100110/bin/../lib/gcc/avr/4.3.3/avr5\libgcc.a(_div_sf.o)
 .debug_abbrev  0x000010da      0x15a c:/winavr-20100110/bin/../lib/gcc/avr/4.3.3/avr5\libgcc.a(_gt_sf.o)
 .debug_abbrev  0x00001234      0x15a c:/winavr-20100110/bin/../lib/gcc/avr/4.3.3/avr5\libgcc.a(_ge_sf.o)
 .debug_abbrev  0x0000138e      0x15a c:/winavr-20100110/bin/../lib/gcc/avr/4.3.3/avr5\libgcc.a(_lt_sf.o)
 .debug_abbrev  0x000014e8      0x17f c:/winavr-20100110/bin/../lib/gcc/avr/4.3.3/avr5\libgcc.a(_sf_to_si.o)
 .debug_abbrev  0x00001667       0xad c:/winavr-20100110/bin/../lib/gcc/avr/4.3.3/avr5\libgcc.a(_thenan_sf.o)
 .debug_abbrev  0x00001714      0x157 c:/winavr-20100110/bin/../lib/gcc/avr/4.3.3/avr5\libgcc.a(_usi_to_sf.o)
 .debug_abbrev  0x0000186b       0xc4 c:/winavr-20100110/bin/../lib/gcc/avr/4.3.3/avr5\libgcc.a(_clzsi2.o)
 .debug_abbrev  0x0000192f      0x1c0 c:/winavr-20100110/bin/../lib/gcc/avr/4.3.3/avr5\libgcc.a(_pack_sf.o)
 .debug_abbrev  0x00001aef      0x154 c:/winavr-20100110/bin/../lib/gcc/avr/4.3.3/avr5\libgcc.a(_unpack_sf.o)
 .debug_abbrev  0x00001c43      0x13b c:/winavr-20100110/bin/../lib/gcc/avr/4.3.3/avr5\libgcc.a(_fpcmp_parts_sf.o)
 .debug_abbrev  0x00001d7e       0x6a c:/winavr-20100110/bin/../lib/gcc/avr/4.3.3/avr5\libgcc.a(_clz.o)

.debug_line     0x00000000     0x3657
 *(.debug_line)
 .debug_line    0x00000000       0xf8 ./MCAL/WDT/WDT.o
 .debug_line    0x000000f8      0x4a2 ./MCAL/UART/UART.o
 .debug_line    0x0000059a      0x26a ./MCAL/SPI/SPI.o
 .debug_line    0x00000804      0x1f0 ./MCAL/I2C/I2C.o
 .debug_line    0x000009f4      0x27b ./MCAL/EXT_INTERRUPTS/EXT_INTERRUPTS.o
 .debug_line    0x00000c6f      0x632 ./MCAL/Dio/Dio_prog.o
 .debug_line    0x000012a1      0x206 ./HAL/Servo_Motor/Servo.o
 .debug_line    0x000014a7      0x8e8 ./HAL/Lcd/Lcd.o
 .debug_line    0x00001d8f      0x285 ./HAL/KPD/KPD_program.o
 .debug_line    0x00002014      0x29b ./HAL/DC_MOTOR/DC_Motor.o
 .debug_line    0x000022af      0x1d2 ./APP/main.o
 .debug_line    0x00002481       0xa7 c:/winavr-20100110/bin/../lib/gcc/avr/4.3.3/avr5\libgcc.a(_fixunssfsi.o)
 .debug_line    0x00002528      0x2af c:/winavr-20100110/bin/../lib/gcc/avr/4.3.3/avr5\libgcc.a(_addsub_sf.o)
 .debug_line    0x000027d7      0x239 c:/winavr-20100110/bin/../lib/gcc/avr/4.3.3/avr5\libgcc.a(_mul_sf.o)
 .debug_line    0x00002a10      0x1d5 c:/winavr-20100110/bin/../lib/gcc/avr/4.3.3/avr5\libgcc.a(_div_sf.o)
 .debug_line    0x00002be5       0xd3 c:/winavr-20100110/bin/../lib/gcc/avr/4.3.3/avr5\libgcc.a(_gt_sf.o)
 .debug_line    0x00002cb8       0xd3 c:/winavr-20100110/bin/../lib/gcc/avr/4.3.3/avr5\libgcc.a(_ge_sf.o)
 .debug_line    0x00002d8b       0xd3 c:/winavr-20100110/bin/../lib/gcc/avr/4.3.3/avr5\libgcc.a(_lt_sf.o)
 .debug_line    0x00002e5e      0x109 c:/winavr-20100110/bin/../lib/gcc/avr/4.3.3/avr5\libgcc.a(_sf_to_si.o)
 .debug_line    0x00002f67       0x90 c:/winavr-20100110/bin/../lib/gcc/avr/4.3.3/avr5\libgcc.a(_thenan_sf.o)
 .debug_line    0x00002ff7      0x133 c:/winavr-20100110/bin/../lib/gcc/avr/4.3.3/avr5\libgcc.a(_usi_to_sf.o)
 .debug_line    0x0000312a       0xa5 c:/winavr-20100110/bin/../lib/gcc/avr/4.3.3/avr5\libgcc.a(_clzsi2.o)
 .debug_line    0x000031cf      0x18a c:/winavr-20100110/bin/../lib/gcc/avr/4.3.3/avr5\libgcc.a(_pack_sf.o)
 .debug_line    0x00003359      0x14b c:/winavr-20100110/bin/../lib/gcc/avr/4.3.3/avr5\libgcc.a(_unpack_sf.o)
 .debug_line    0x000034a4      0x137 c:/winavr-20100110/bin/../lib/gcc/avr/4.3.3/avr5\libgcc.a(_fpcmp_parts_sf.o)
 .debug_line    0x000035db       0x7c c:/winavr-20100110/bin/../lib/gcc/avr/4.3.3/avr5\libgcc.a(_clz.o)

.debug_frame    0x00000000      0x680
 *(.debug_frame)
 .debug_frame   0x00000000       0x30 ./MCAL/WDT/WDT.o
 .debug_frame   0x00000030      0x150 ./MCAL/UART/UART.o
 .debug_frame   0x00000180       0x30 ./MCAL/SPI/SPI.o
 .debug_frame   0x000001b0       0x80 ./MCAL/I2C/I2C.o
 .debug_frame   0x00000230       0x80 ./MCAL/EXT_INTERRUPTS/EXT_INTERRUPTS.o
 .debug_frame   0x000002b0       0x80 ./MCAL/Dio/Dio_prog.o
 .debug_frame   0x00000330       0x40 ./HAL/Servo_Motor/Servo.o
 .debug_frame   0x00000370       0xd0 ./HAL/Lcd/Lcd.o
 .debug_frame   0x00000440       0x20 ./HAL/KPD/KPD_program.o
 .debug_frame   0x00000460       0x40 ./HAL/DC_MOTOR/DC_Motor.o
 .debug_frame   0x000004a0       0x20 ./APP/main.o
 .debug_frame   0x000004c0       0x20 c:/winavr-20100110/bin/../lib/gcc/avr/4.3.3/avr5\libgcc.a(_fixunssfsi.o)
 .debug_frame   0x000004e0       0x40 c:/winavr-20100110/bin/../lib/gcc/avr/4.3.3/avr5\libgcc.a(_addsub_sf.o)
 .debug_frame   0x00000520       0x20 c:/winavr-20100110/bin/../lib/gcc/avr/4.3.3/avr5\libgcc.a(_mul_sf.o)
 .debug_frame   0x00000540       0x20 c:/winavr-20100110/bin/../lib/gcc/avr/4.3.3/avr5\libgcc.a(_div_sf.o)
 .debug_frame   0x00000560       0x20 c:/winavr-20100110/bin/../lib/gcc/avr/4.3.3/avr5\libgcc.a(_gt_sf.o)
 .debug_frame   0x00000580       0x20 c:/winavr-20100110/bin/../lib/gcc/avr/4.3.3/avr5\libgcc.a(_ge_sf.o)
 .debug_frame   0x000005a0       0x20 c:/winavr-20100110/bin/../lib/gcc/avr/4.3.3/avr5\libgcc.a(_lt_sf.o)
 .debug_frame   0x000005c0       0x20 c:/winavr-20100110/bin/../lib/gcc/avr/4.3.3/avr5\libgcc.a(_sf_to_si.o)
 .debug_frame   0x000005e0       0x20 c:/winavr-20100110/bin/../lib/gcc/avr/4.3.3/avr5\libgcc.a(_usi_to_sf.o)
 .debug_frame   0x00000600       0x20 c:/winavr-20100110/bin/../lib/gcc/avr/4.3.3/avr5\libgcc.a(_clzsi2.o)
 .debug_frame   0x00000620       0x20 c:/winavr-20100110/bin/../lib/gcc/avr/4.3.3/avr5\libgcc.a(_pack_sf.o)
 .debug_frame   0x00000640       0x20 c:/winavr-20100110/bin/../lib/gcc/avr/4.3.3/avr5\libgcc.a(_unpack_sf.o)
 .debug_frame   0x00000660       0x20 c:/winavr-20100110/bin/../lib/gcc/avr/4.3.3/avr5\libgcc.a(_fpcmp_parts_sf.o)

.debug_str      0x00000000     0x11b8
 *(.debug_str)
 .debug_str     0x00000000       0x9c ./MCAL/WDT/WDT.o
                                 0xd6 (size before relaxing)
 .debug_str     0x0000009c      0x219 ./MCAL/UART/UART.o
                                0x2b8 (size before relaxing)
 .debug_str     0x000002b5      0x120 ./MCAL/SPI/SPI.o
                                0x1c4 (size before relaxing)
 .debug_str     0x000003d5       0x7d ./MCAL/I2C/I2C.o
                                0x119 (size before relaxing)
 .debug_str     0x00000452      0x12e ./MCAL/EXT_INTERRUPTS/EXT_INTERRUPTS.o
                                0x1c3 (size before relaxing)
 .debug_str     0x00000580      0x1c0 ./MCAL/Dio/Dio_prog.o
                                0x317 (size before relaxing)
 .debug_str     0x00000740      0x331 ./HAL/Servo_Motor/Servo.o
                                0x478 (size before relaxing)
 .debug_str     0x00000a71      0x15b ./HAL/Lcd/Lcd.o
                                0x2d9 (size before relaxing)
 .debug_str     0x00000bcc       0xb3 ./HAL/KPD/KPD_program.o
                                0x1fb (size before relaxing)
 .debug_str     0x00000c7f      0x26f ./HAL/DC_MOTOR/DC_Motor.o
                                0x3e8 (size before relaxing)
 .debug_str     0x00000eee       0x13 ./APP/main.o
                                0x109 (size before relaxing)
 .debug_str     0x00000f01       0x80 c:/winavr-20100110/bin/../lib/gcc/avr/4.3.3/avr5\libgcc.a(_fixunssfsi.o)
                                 0xfe (size before relaxing)
 .debug_str     0x00000f81      0x14d c:/winavr-20100110/bin/../lib/gcc/avr/4.3.3/avr5\libgcc.a(_addsub_sf.o)
                                0x206 (size before relaxing)
 .debug_str     0x000010ce       0x27 c:/winavr-20100110/bin/../lib/gcc/avr/4.3.3/avr5\libgcc.a(_mul_sf.o)
                                0x1bf (size before relaxing)
 .debug_str     0x000010f5       0x35 c:/winavr-20100110/bin/../lib/gcc/avr/4.3.3/avr5\libgcc.a(_div_sf.o)
                                0x1c8 (size before relaxing)
 .debug_str     0x0000112a        0x8 c:/winavr-20100110/bin/../lib/gcc/avr/4.3.3/avr5\libgcc.a(_gt_sf.o)
                                0x195 (size before relaxing)
 .debug_str     0x00001132        0x8 c:/winavr-20100110/bin/../lib/gcc/avr/4.3.3/avr5\libgcc.a(_ge_sf.o)
                                0x195 (size before relaxing)
 .debug_str     0x0000113a        0x8 c:/winavr-20100110/bin/../lib/gcc/avr/4.3.3/avr5\libgcc.a(_lt_sf.o)
                                0x195 (size before relaxing)
 .debug_str     0x00001142        0xa c:/winavr-20100110/bin/../lib/gcc/avr/4.3.3/avr5\libgcc.a(_sf_to_si.o)
                                0x19e (size before relaxing)
 .debug_str     0x00000000      0x103 c:/winavr-20100110/bin/../lib/gcc/avr/4.3.3/avr5\libgcc.a(_thenan_sf.o)
 .debug_str     0x0000114c       0x21 c:/winavr-20100110/bin/../lib/gcc/avr/4.3.3/avr5\libgcc.a(_usi_to_sf.o)
                                0x177 (size before relaxing)
 .debug_str     0x0000116d       0x20 c:/winavr-20100110/bin/../lib/gcc/avr/4.3.3/avr5\libgcc.a(_clzsi2.o)
                                0x111 (size before relaxing)
 .debug_str     0x0000118d       0x10 c:/winavr-20100110/bin/../lib/gcc/avr/4.3.3/avr5\libgcc.a(_pack_sf.o)
                                0x19d (size before relaxing)
 .debug_str     0x0000119d        0xb c:/winavr-20100110/bin/../lib/gcc/avr/4.3.3/avr5\libgcc.a(_unpack_sf.o)
                                0x17f (size before relaxing)
 .debug_str     0x000011a8       0x10 c:/winavr-20100110/bin/../lib/gcc/avr/4.3.3/avr5\libgcc.a(_fpcmp_parts_sf.o)
                                0x163 (size before relaxing)
 .debug_str     0x00000000       0xf4 c:/winavr-20100110/bin/../lib/gcc/avr/4.3.3/avr5\libgcc.a(_clz.o)

.debug_loc      0x00000000      0x96e
 *(.debug_loc)
 .debug_loc     0x00000000       0x34 c:/winavr-20100110/bin/../lib/gcc/avr/4.3.3/avr5\libgcc.a(_fixunssfsi.o)
 .debug_loc     0x00000034      0x32a c:/winavr-20100110/bin/../lib/gcc/avr/4.3.3/avr5\libgcc.a(_addsub_sf.o)
 .debug_loc     0x0000035e      0x104 c:/winavr-20100110/bin/../lib/gcc/avr/4.3.3/avr5\libgcc.a(_mul_sf.o)
 .debug_loc     0x00000462       0xc0 c:/winavr-20100110/bin/../lib/gcc/avr/4.3.3/avr5\libgcc.a(_div_sf.o)
 .debug_loc     0x00000522       0x3c c:/winavr-20100110/bin/../lib/gcc/avr/4.3.3/avr5\libgcc.a(_gt_sf.o)
 .debug_loc     0x0000055e       0x3c c:/winavr-20100110/bin/../lib/gcc/avr/4.3.3/avr5\libgcc.a(_ge_sf.o)
 .debug_loc     0x0000059a       0x3c c:/winavr-20100110/bin/../lib/gcc/avr/4.3.3/avr5\libgcc.a(_lt_sf.o)
 .debug_loc     0x000005d6       0x7e c:/winavr-20100110/bin/../lib/gcc/avr/4.3.3/avr5\libgcc.a(_sf_to_si.o)
 .debug_loc     0x00000654       0x4c c:/winavr-20100110/bin/../lib/gcc/avr/4.3.3/avr5\libgcc.a(_usi_to_sf.o)
 .debug_loc     0x000006a0       0x94 c:/winavr-20100110/bin/../lib/gcc/avr/4.3.3/avr5\libgcc.a(_clzsi2.o)
 .debug_loc     0x00000734      0x13e c:/winavr-20100110/bin/../lib/gcc/avr/4.3.3/avr5\libgcc.a(_pack_sf.o)
 .debug_loc     0x00000872       0xac c:/winavr-20100110/bin/../lib/gcc/avr/4.3.3/avr5\libgcc.a(_unpack_sf.o)
 .debug_loc     0x0000091e       0x50 c:/winavr-20100110/bin/../lib/gcc/avr/4.3.3/avr5\libgcc.a(_fpcmp_parts_sf.o)

.debug_macinfo
 *(.debug_macinfo)
OUTPUT(Timer_Atmega32.elf elf32-avr)
LOAD linker stubs

.debug_ranges   0x00000000      0x308
 .debug_ranges  0x00000000       0x20 ./MCAL/WDT/WDT.o
 .debug_ranges  0x00000020       0xb0 ./MCAL/UART/UART.o
 .debug_ranges  0x000000d0       0x20 ./MCAL/SPI/SPI.o
 .debug_ranges  0x000000f0       0x48 ./MCAL/I2C/I2C.o
 .debug_ranges  0x00000138       0x48 ./MCAL/EXT_INTERRUPTS/EXT_INTERRUPTS.o
 .debug_ranges  0x00000180       0x48 ./MCAL/Dio/Dio_prog.o
 .debug_ranges  0x000001c8       0x28 ./HAL/Servo_Motor/Servo.o
 .debug_ranges  0x000001f0       0x70 ./HAL/Lcd/Lcd.o
 .debug_ranges  0x00000260       0x18 ./HAL/KPD/KPD_program.o
 .debug_ranges  0x00000278       0x28 ./HAL/DC_MOTOR/DC_Motor.o
 .debug_ranges  0x000002a0       0x18 ./APP/main.o
 .debug_ranges  0x000002b8       0x50 c:/winavr-20100110/bin/../lib/gcc/avr/4.3.3/avr5\libgcc.a(_mul_sf.o)
